// Jest Snapshot v1, https://goo.gl/fbAQLP

exports[`matches snapshot 1`] = `
<DocumentFragment>
  <li
    class="ml-3 mb-2 text-left list-group-item"
  >
    <h5
      class="card-title"
    />
    <div>
      Description: 
    </div>
    <div>
      Location: 
    </div>
    <div>
      Start Time: 
    </div>
    <div>
      End Time: 
    </div>
    <div>
      Comment: 
    </div>
    <div
      class="operations text-right"
    >
      <span
        class="mr-3"
      >
        <i
          class="fas fa-edit"
        />
      </span>
      <span>
        <i
          class="fas fa-trash-alt"
        />
      </span>
    </div>
  </li>
</DocumentFragment>
`;
