// Jest Snapshot v1, https://goo.gl/fbAQLP

exports[`matches snapshot 1`] = `
<DocumentFragment>
  <div>
    <p
      class="lead"
    >
      No Activities in this trip. Let's Add some!
    </p>
  </div>
</DocumentFragment>
`;
