// Jest Snapshot v1, https://goo.gl/fbAQLP

exports[`matches snapshot 1`] = `
<DocumentFragment>
  <form
    class="activity-add-form ml-3 mb-3 p-3 text-left"
  >
    <div
      class="form-group"
    >
      <label
        for="activityName"
      >
        *Activity Name: 
      </label>
      <input
        autocomplete="off"
        class="form-control"
        id="activityName"
        name="activityName"
        required=""
        type="text"
        value=""
      />
    </div>
    <div
      class="form-group"
    >
      <label
        for="location"
      >
        Description: 
      </label>
      <input
        class="form-control"
        id="description"
        name="description"
        type="text"
        value=""
      />
    </div>
    <div
      class="form-group"
    >
      <label
        for="location"
      >
        Location: 
      </label>
      <div
        data-reach-combobox=""
        data-state="idle"
      >
        <input
          aria-autocomplete="both"
          aria-controls="listbox--3"
          aria-expanded="false"
          aria-haspopup="listbox"
          autocomplete="false"
          class="form-control"
          data-reach-combobox-input=""
          data-state="idle"
          disabled=""
          id="location"
          name="location"
          placeholder="Enter an address"
          role="combobox"
          type="search"
          value=""
        />
      </div>
    </div>
    <div
      class="form-group"
    >
      <label
        for="startTime"
      >
        Start Time: 
      </label>
      <br />
      <div
        class="MuiFormControl-root MuiTextField-root"
      >
        <div
          class="MuiInputBase-root MuiInput-root MuiInput-underline MuiInputBase-formControl MuiInput-formControl"
        >
          <input
            aria-invalid="false"
            class="MuiInputBase-input MuiInput-input"
            id="startTime"
            name="startTime"
            type="datetime-local"
            value=""
          />
        </div>
      </div>
    </div>
    <div
      class="form-group"
    >
      <label
        for="endTime"
      >
        End Time: 
      </label>
      <br />
      <div
        class="MuiFormControl-root MuiTextField-root"
      >
        <div
          class="MuiInputBase-root MuiInput-root MuiInput-underline MuiInputBase-formControl MuiInput-formControl"
        >
          <input
            aria-invalid="false"
            class="MuiInputBase-input MuiInput-input"
            id="endTime"
            name="endTime"
            type="datetime-local"
            value=""
          />
        </div>
      </div>
    </div>
    <div
      class="form-group"
    >
      <label
        for="comment"
      >
        Comment: 
      </label>
      <input
        class="form-control"
        id="comment"
        name="comment"
        type="text"
        value=""
      />
    </div>
    <div
      class="text-center"
    >
      <button
        class="btn btn-success mb-3 mr-5"
        type="submit"
      >
        Save
      </button>
      <button
        class="btn btn-danger btn-danger-trip mb-3"
      >
        Cancel
      </button>
    </div>
  </form>
</DocumentFragment>
`;
