// Jest Snapshot v1, https://goo.gl/fbAQLP

exports[`matches snapshot 1`] = `
<DocumentFragment>
  <div
    class="container"
  >
    <h2
      class="mt-5 mb-4 text-center"
    >
      Log In
    </h2>
    <div
      class="row d-flex justify-content-center"
    >
      <div
        class="col-md-6"
      >
        <form>
          <div
            class="form-group"
          >
            <label
              for="username"
            >
              Username: 
            </label>
            <input
              class="form-control"
              data-testid="login-username"
              id="login-username"
              name="username"
              required=""
              type="text"
              value=""
            />
          </div>
          <div
            class="form-group"
          >
            <label
              for="login-password"
            >
              Password: 
            </label>
            <input
              class="form-control"
              data-testid="login-password"
              name="password"
              required=""
              type="password"
              value=""
            />
          </div>
          <div
            class="text-center"
          >
            <button
              class="btn btn-success mb-5"
              data-testid="submit"
              type="submit"
            >
              Log In
            </button>
          </div>
        </form>
      </div>
    </div>
  </div>
</DocumentFragment>
`;
