// Jest Snapshot v1, https://goo.gl/fbAQLP

exports[`matches snapshot 1`] = `
<DocumentFragment>
  <div
    class="container"
  >
    <h2
      class="mt-5 mb-4 text-center"
    >
      User Profile
    </h2>
    <div
      class="row d-flex justify-content-center"
    >
      <div
        class="col-md-6"
      >
        <form>
          <div
            class="form-group"
          >
            <label
              for="username"
            >
              Username:
            </label>
            <input
              class="form-control"
              disabled=""
              id="username"
              name="username"
              type="text"
              value="testUsername"
            />
          </div>
          <div
            class="form-group"
          >
            <label
              for="password"
            >
              Password:
            </label>
            <input
              class="form-control"
              id="password"
              name="password"
              required=""
              type="password"
              value=""
            />
          </div>
          <div
            class="form-group"
          >
            <label
              for="firstname"
            >
              First Name:
            </label>
            <input
              class="form-control"
              id="firstname"
              name="firstName"
              required=""
              type="text"
              value="test"
            />
          </div>
          <div
            class="form-group"
          >
            <label
              for="lastname"
            >
              Last Name:
            </label>
            <input
              class="form-control"
              id="lastname"
              name="lastName"
              required=""
              type="text"
              value="test"
            />
          </div>
          <div
            class="form-group"
          >
            <label
              for="email"
            >
              Email:
            </label>
            <input
              class="form-control"
              id="email"
              name="email"
              required=""
              type="text"
              value="email"
            />
          </div>
          <div
            class="text-center"
          >
            <button
              class="btn btn-success"
              type="submit"
            >
              Save
            </button>
          </div>
        </form>
      </div>
    </div>
  </div>
</DocumentFragment>
`;
